[debug] [2026-08-05T21:28:54.620Z] ----------------------------------------------------------------------
[debug] [2026-08-05T21:28:54.623Z] Command:       /usr/local/bin/node /usr/local/bin/firebase projects:list
[debug] [2026-08-05T21:28:54.623Z] CLI Version:   15.22.2
[debug] [2026-08-05T21:28:54.624Z] Platform:      linux
[debug] [2026-08-05T21:28:54.624Z] Node Version:  v22.23.1
[debug] [2026-08-05T21:28:54.624Z] Detected Agent: unknown
[debug] [2026-08-05T21:28:54.624Z] Time:          Wed Aug 05 2026 21:28:54 GMT+0000 (Coordinated Universal Time)
[debug] [2026-08-05T21:28:54.625Z] ----------------------------------------------------------------------
[debug] 
[debug] [2026-08-05T21:28:54.921Z] > command requires scopes: ["email","openid","https://www.googleapis.com/auth/cloudplatformprojects.readonly","https://www.googleapis.com/auth/firebase","https://www.googleapis.com/auth/cloud-platform"]
[debug] [2026-08-05T21:28:54.976Z] Running auto auth
[debug] [2026-08-05T21:28:54.983Z] No OAuth tokens found
[debug] [2026-08-05T21:28:54.984Z] >>> [apiv2][query] GET https://firebase.googleapis.com/v1beta1/projects pageSize=1000
[debug] [2026-08-05T21:28:55.082Z] <<< [apiv2][status] GET https://firebase.googleapis.com/v1beta1/projects 403
[debug] [2026-08-05T21:28:55.082Z] <<< [apiv2][body] GET https://firebase.googleapis.com/v1beta1/projects [omitted]
[debug] [2026-08-05T21:28:55.082Z] Request to https://firebase.googleapis.com/v1beta1/projects?pageSize=1000 had HTTP Error: 403, Firebase Management API has not been used in project 55455507008 before or it is disabled. Enable it by visiting https://console.developers.google.com/apis/api/firebase.googleapis.com/overview?project=55455507008 then retry. If you enabled this API recently, wait a few minutes for the action to propagate to our systems and retry.
[debug] [2026-08-05T21:28:55.084Z] FirebaseError: Request to https://firebase.googleapis.com/v1beta1/projects?pageSize=1000 had HTTP Error: 403, Firebase Management API has not been used in project 55455507008 before or it is disabled. Enable it by visiting https://console.developers.google.com/apis/api/firebase.googleapis.com/overview?project=55455507008 then retry. If you enabled this API recently, wait a few minutes for the action to propagate to our systems and retry.
    at responseToError (/usr/local/lib/node_modules/firebase-tools/lib/responseToError.js:53:12)
    at RetryOperation._fn (/usr/local/lib/node_modules/firebase-tools/lib/apiv2.js:380:77)
    at process.processTicksAndRejections (node:internal/process/task_queues:103:5)
[error] 
[error] Error: Failed to list Firebase projects. See firebase-debug.log for more info.
[debug] [2026-08-05T21:28:59.208Z] ----------------------------------------------------------------------
[debug] [2026-08-05T21:28:59.211Z] Command:       /usr/local/bin/node /usr/local/bin/firebase deploy --only hosting --project quotecall-ai
[debug] [2026-08-05T21:28:59.212Z] CLI Version:   15.22.2
[debug] [2026-08-05T21:28:59.212Z] Platform:      linux
[debug] [2026-08-05T21:28:59.212Z] Node Version:  v22.23.1
[debug] [2026-08-05T21:28:59.213Z] Detected Agent: unknown
[debug] [2026-08-05T21:28:59.213Z] Time:          Wed Aug 05 2026 21:28:59 GMT+0000 (Coordinated Universal Time)
[debug] [2026-08-05T21:28:59.213Z] ----------------------------------------------------------------------
[debug] 
[debug] [2026-08-05T21:29:01.165Z] > command requires scopes: ["email","openid","https://www.googleapis.com/auth/cloudplatformprojects.readonly","https://www.googleapis.com/auth/firebase","https://www.googleapis.com/auth/cloud-platform"]
[debug] [2026-08-05T21:29:01.199Z] Running auto auth
[debug] [2026-08-05T21:29:01.203Z] [iam] checking project quotecall-ai for permissions ["firebase.projects.get","firebasehosting.sites.update"]
[debug] [2026-08-05T21:29:01.204Z] No OAuth tokens found
[debug] [2026-08-05T21:29:01.205Z] >>> [apiv2][query] POST https://cloudresourcemanager.googleapis.com/v1/projects/quotecall-ai:testIamPermissions [none]
[debug] [2026-08-05T21:29:01.205Z] >>> [apiv2][(partial)header] POST https://cloudresourcemanager.googleapis.com/v1/projects/quotecall-ai:testIamPermissions  x-goog-user-project=quotecall-ai
[debug] [2026-08-05T21:29:01.205Z] >>> [apiv2][body] POST https://cloudresourcemanager.googleapis.com/v1/projects/quotecall-ai:testIamPermissions {"permissions":["firebase.projects.get","firebasehosting.sites.update"]}
[debug] [2026-08-05T21:29:01.359Z] <<< [apiv2][status] POST https://cloudresourcemanager.googleapis.com/v1/projects/quotecall-ai:testIamPermissions 400
[debug] [2026-08-05T21:29:01.359Z] <<< [apiv2][body] POST https://cloudresourcemanager.googleapis.com/v1/projects/quotecall-ai:testIamPermissions {"error":{"code":400,"message":"Project 'projects/quotecall-ai' not found or deleted.","status":"INVALID_ARGUMENT","details":[{"@type":"type.googleapis.com/google.rpc.ErrorInfo","reason":"USER_PROJECT_DENIED","domain":"googleapis.com","metadata":{"containerInfo":"projects/quotecall-ai","service":"cloudresourcemanager.googleapis.com","consumer":"projects/quotecall-ai"}}]}}
[debug] [2026-08-05T21:29:01.359Z] [iam] error while checking permissions, command may fail: Request to https://cloudresourcemanager.googleapis.com/v1/projects/quotecall-ai:testIamPermissions had HTTP Error: 400, Project 'projects/quotecall-ai' not found or deleted.
[debug] [2026-08-05T21:29:01.360Z] No OAuth tokens found
[debug] [2026-08-05T21:29:01.361Z] >>> [apiv2][query] GET https://firebase.googleapis.com/v1beta1/projects/quotecall-ai [none]
[debug] [2026-08-05T21:29:01.553Z] <<< [apiv2][status] GET https://firebase.googleapis.com/v1beta1/projects/quotecall-ai 403
[debug] [2026-08-05T21:29:01.553Z] <<< [apiv2][body] GET https://firebase.googleapis.com/v1beta1/projects/quotecall-ai {"error":{"code":403,"message":"Firebase Management API has not been used in project 55455507008 before or it is disabled. Enable it by visiting https://console.developers.google.com/apis/api/firebase.googleapis.com/overview?project=55455507008 then retry. If you enabled this API recently, wait a few minutes for the action to propagate to our systems and retry.","status":"PERMISSION_DENIED","details":[{"@type":"type.googleapis.com/google.rpc.ErrorInfo","reason":"SERVICE_DISABLED","domain":"googleapis.com","metadata":{"activationUrl":"https://console.developers.google.com/apis/api/firebase.googleapis.com/overview?project=55455507008","consumer":"projects/55455507008","containerInfo":"55455507008","service":"firebase.googleapis.com","serviceTitle":"Firebase Management API"}},{"@type":"type.googleapis.com/google.rpc.LocalizedMessage","locale":"en-US","message":"Firebase Management API has not been used in project 55455507008 before or it is disabled. Enable it by visiting https://console.developers.google.com/apis/api/firebase.googleapis.com/overview?project=55455507008 then retry. If you enabled this API recently, wait a few minutes for the action to propagate to our systems and retry."},{"@type":"type.googleapis.com/google.rpc.Help","links":[{"description":"Google developers console API activation","url":"https://console.developers.google.com/apis/api/firebase.googleapis.com/overview?project=55455507008"}]}]}}
[debug] [2026-08-05T21:29:01.553Z] Request to https://firebase.googleapis.com/v1beta1/projects/quotecall-ai had HTTP Error: 403, Firebase Management API has not been used in project 55455507008 before or it is disabled. Enable it by visiting https://console.developers.google.com/apis/api/firebase.googleapis.com/overview?project=55455507008 then retry. If you enabled this API recently, wait a few minutes for the action to propagate to our systems and retry.
[debug] [2026-08-05T21:29:01.554Z] FirebaseError: Request to https://firebase.googleapis.com/v1beta1/projects/quotecall-ai had HTTP Error: 403, Firebase Management API has not been used in project 55455507008 before or it is disabled. Enable it by visiting https://console.developers.google.com/apis/api/firebase.googleapis.com/overview?project=55455507008 then retry. If you enabled this API recently, wait a few minutes for the action to propagate to our systems and retry.
    at responseToError (/usr/local/lib/node_modules/firebase-tools/lib/responseToError.js:53:12)
    at RetryOperation._fn (/usr/local/lib/node_modules/firebase-tools/lib/apiv2.js:380:77)
    at process.processTicksAndRejections (node:internal/process/task_queues:103:5)
[error] 
[error] Error: Failed to get Firebase project quotecall-ai. Please make sure the project exists and your account has permission to access it.
[debug] [2026-08-05T21:32:18.727Z] ----------------------------------------------------------------------
[debug] [2026-08-05T21:32:18.731Z] Command:       /usr/local/bin/node /usr/local/bin/firebase deploy --only hosting
[debug] [2026-08-05T21:32:18.731Z] CLI Version:   15.22.2
[debug] [2026-08-05T21:32:18.732Z] Platform:      linux
[debug] [2026-08-05T21:32:18.732Z] Node Version:  v22.23.1
[debug] [2026-08-05T21:32:18.732Z] Detected Agent: unknown
[debug] [2026-08-05T21:32:18.732Z] Time:          Wed Aug 05 2026 21:32:18 GMT+0000 (Coordinated Universal Time)
[debug] [2026-08-05T21:32:18.733Z] ----------------------------------------------------------------------
[debug] 
[debug] [2026-08-05T21:32:20.792Z] > command requires scopes: ["email","openid","https://www.googleapis.com/auth/cloudplatformprojects.readonly","https://www.googleapis.com/auth/firebase","https://www.googleapis.com/auth/cloud-platform"]
[debug] [2026-08-05T21:32:20.830Z] Running auto auth
[debug] [2026-08-05T21:32:20.834Z] [iam] checking project kuote-field-agent for permissions ["firebase.projects.get","firebasehosting.sites.update"]
[debug] [2026-08-05T21:32:20.835Z] No OAuth tokens found
[debug] [2026-08-05T21:32:20.836Z] >>> [apiv2][query] POST https://cloudresourcemanager.googleapis.com/v1/projects/kuote-field-agent:testIamPermissions [none]
[debug] [2026-08-05T21:32:20.836Z] >>> [apiv2][(partial)header] POST https://cloudresourcemanager.googleapis.com/v1/projects/kuote-field-agent:testIamPermissions  x-goog-user-project=kuote-field-agent
[debug] [2026-08-05T21:32:20.836Z] >>> [apiv2][body] POST https://cloudresourcemanager.googleapis.com/v1/projects/kuote-field-agent:testIamPermissions {"permissions":["firebase.projects.get","firebasehosting.sites.update"]}
[debug] [2026-08-05T21:32:21.065Z] <<< [apiv2][status] POST https://cloudresourcemanager.googleapis.com/v1/projects/kuote-field-agent:testIamPermissions 403
[debug] [2026-08-05T21:32:21.066Z] <<< [apiv2][body] POST https://cloudresourcemanager.googleapis.com/v1/projects/kuote-field-agent:testIamPermissions {"error":{"code":403,"message":"Caller does not have required permission to use project kuote-field-agent. Grant the caller the roles/serviceusage.serviceUsageConsumer role, or a custom role with the serviceusage.services.use permission, by visiting https://console.developers.google.com/iam-admin/iam?project=kuote-field-agent and then retry. Propagation of the new permission may take a few minutes.","status":"PERMISSION_DENIED","details":[{"@type":"type.googleapis.com/google.rpc.ErrorInfo","reason":"USER_PROJECT_DENIED","domain":"googleapis.com","metadata":{"containerInfo":"kuote-field-agent","service":"cloudresourcemanager.googleapis.com","consoleUrl":"https://console.developers.google.com/iam-admin/iam?project=kuote-field-agent","consumer":"projects/kuote-field-agent"}},{"@type":"type.googleapis.com/google.rpc.LocalizedMessage","locale":"en-US","message":"Caller does not have required permission to use project kuote-field-agent. Grant the caller the roles/serviceusage.serviceUsageConsumer role, or a custom role with the serviceusage.services.use permission, by visiting https://console.developers.google.com/iam-admin/iam?project=kuote-field-agent and then retry. Propagation of the new permission may take a few minutes."},{"@type":"type.googleapis.com/google.rpc.Help","links":[{"description":"Google developer console IAM admin","url":"https://console.developers.google.com/iam-admin/iam?project=kuote-field-agent"}]}]}}
[debug] [2026-08-05T21:32:21.066Z] [iam] error while checking permissions, command may fail: Request to https://cloudresourcemanager.googleapis.com/v1/projects/kuote-field-agent:testIamPermissions had HTTP Error: 403, Caller does not have required permission to use project kuote-field-agent. Grant the caller the roles/serviceusage.serviceUsageConsumer role, or a custom role with the serviceusage.services.use permission, by visiting https://console.developers.google.com/iam-admin/iam?project=kuote-field-agent and then retry. Propagation of the new permission may take a few minutes.
[debug] [2026-08-05T21:32:21.067Z] No OAuth tokens found
[debug] [2026-08-05T21:32:21.067Z] >>> [apiv2][query] GET https://firebase.googleapis.com/v1beta1/projects/kuote-field-agent [none]
[debug] [2026-08-05T21:32:21.124Z] <<< [apiv2][status] GET https://firebase.googleapis.com/v1beta1/projects/kuote-field-agent 403
[debug] [2026-08-05T21:32:21.124Z] <<< [apiv2][body] GET https://firebase.googleapis.com/v1beta1/projects/kuote-field-agent {"error":{"code":403,"message":"Firebase Management API has not been used in project 55455507008 before or it is disabled. Enable it by visiting https://console.developers.google.com/apis/api/firebase.googleapis.com/overview?project=55455507008 then retry. If you enabled this API recently, wait a few minutes for the action to propagate to our systems and retry.","status":"PERMISSION_DENIED","details":[{"@type":"type.googleapis.com/google.rpc.ErrorInfo","reason":"SERVICE_DISABLED","domain":"googleapis.com","metadata":{"activationUrl":"https://console.developers.google.com/apis/api/firebase.googleapis.com/overview?project=55455507008","containerInfo":"55455507008","serviceTitle":"Firebase Management API","service":"firebase.googleapis.com","consumer":"projects/55455507008"}},{"@type":"type.googleapis.com/google.rpc.LocalizedMessage","locale":"en-US","message":"Firebase Management API has not been used in project 55455507008 before or it is disabled. Enable it by visiting https://console.developers.google.com/apis/api/firebase.googleapis.com/overview?project=55455507008 then retry. If you enabled this API recently, wait a few minutes for the action to propagate to our systems and retry."},{"@type":"type.googleapis.com/google.rpc.Help","links":[{"description":"Google developers console API activation","url":"https://console.developers.google.com/apis/api/firebase.googleapis.com/overview?project=55455507008"}]}]}}
[debug] [2026-08-05T21:32:21.125Z] Request to https://firebase.googleapis.com/v1beta1/projects/kuote-field-agent had HTTP Error: 403, Firebase Management API has not been used in project 55455507008 before or it is disabled. Enable it by visiting https://console.developers.google.com/apis/api/firebase.googleapis.com/overview?project=55455507008 then retry. If you enabled this API recently, wait a few minutes for the action to propagate to our systems and retry.
[debug] [2026-08-05T21:32:21.126Z] FirebaseError: Request to https://firebase.googleapis.com/v1beta1/projects/kuote-field-agent had HTTP Error: 403, Firebase Management API has not been used in project 55455507008 before or it is disabled. Enable it by visiting https://console.developers.google.com/apis/api/firebase.googleapis.com/overview?project=55455507008 then retry. If you enabled this API recently, wait a few minutes for the action to propagate to our systems and retry.
    at responseToError (/usr/local/lib/node_modules/firebase-tools/lib/responseToError.js:53:12)
    at RetryOperation._fn (/usr/local/lib/node_modules/firebase-tools/lib/apiv2.js:380:77)
    at process.processTicksAndRejections (node:internal/process/task_queues:103:5)
[error] 
[error] Error: Failed to get Firebase project kuote-field-agent. Please make sure the project exists and your account has permission to access it.
